// Jest Snapshot v1, https://goo.gl/fbAQLP

exports[`Card component renders correctly with default props renders correctly 1`] = `
Array [
  <div
    className="card-wrapper card-front"
  >
    <div
      className="card-overlay"
    >
      <div
        className="card-row card-row-1"
      >
        <div
          className="card-hologram"
        >
          <img
            alt="Card's chip"
            src="chip.png"
          />
        </div>
        <div
          className="card-logo"
        />
      </div>
      <div
        className="card-row card-row-2"
      >
        <div
          className="card-number"
        >
          <div
            className="card-number-char"
          >
            *
          </div>
          <div
            className="card-number-char"
          >
            *
          </div>
          <div
            className="card-number-char"
          >
            *
          </div>
          <div
            className="card-number-char"
          >
            *
          </div>
          <div
            className="card-number-char"
          >
             
          </div>
          <div
            className="card-number-char"
          >
            *
          </div>
          <div
            className="card-number-char"
          >
            *
          </div>
          <div
            className="card-number-char"
          >
            *
          </div>
          <div
            className="card-number-char"
          >
            *
          </div>
          <div
            className="card-number-char"
          >
             
          </div>
          <div
            className="card-number-char"
          >
            *
          </div>
          <div
            className="card-number-char"
          >
            *
          </div>
          <div
            className="card-number-char"
          >
            *
          </div>
          <div
            className="card-number-char"
          >
            *
          </div>
          <div
            className="card-number-char"
          >
             
          </div>
          <div
            className="card-number-char"
          >
            *
          </div>
          <div
            className="card-number-char"
          >
            *
          </div>
          <div
            className="card-number-char"
          >
            *
          </div>
          <div
            className="card-number-char"
          >
            *
          </div>
        </div>
      </div>
      <div
        className="card-row card-row-3"
      >
        <div
          className="card-name"
        >
          <div
            className="card-name-title"
          >
            Card Holder
          </div>
          <div
            className="card-name-name"
          >
            FULL NAME
          </div>
        </div>
        <div
          className="card-expires"
        >
          <div
            className="card-expires-title"
          >
            Expires
          </div>
          <div
            className="card-expires-date"
          >
            <div
              className="card-expires-date-month"
            >
              MM
            </div>
            <span>
              /
            </span>
            <div
              className="card-expires-date-year"
            >
              YY
            </div>
          </div>
        </div>
      </div>
    </div>
  </div>,
  <div
    className="card-wrapper card-back"
  >
    <div
      className="card-row card-row-1"
    >
      <div
        className="card-stripe"
      />
    </div>
    <div
      className="card-row card-row-2"
    >
      <div
        className="card-back-middle"
      >
        <div
          className="card-cvv-title"
        >
          CVV
        </div>
        <div
          className="card-white-stripe"
        >
          <div
            className="card-cvv"
          />
        </div>
      </div>
    </div>
    <div
      className="card-row card-row-5"
    />
  </div>,
]
`;
