// Jest Snapshot v1, https://goo.gl/fbAQLP

exports[`Form component renders correctly with default props renders correctly 1`] = `
<div
  className="form-wrapper"
>
  <div
    className="form-row row-1"
  >
    <label
      htmlFor="cardNumber"
    >
      Card Number
    </label>
    <input
      className="card-number-input"
      id="cardNumber"
      maxLength={19}
      onChange={[Function]}
      type="text"
    />
  </div>
  <div
    className="form-row"
  >
    <label
      htmlFor="cardHolder"
    >
      Card Holders Name
    </label>
    <input
      className="card-holder-input"
      id="cardHolder"
      maxLength="31"
      onChange={[Function]}
      type="text"
    />
  </div>
  <div
    className="form-row row-3"
  >
    <div
      className="card-expires"
    >
      <label
        htmlFor="cardExpires"
      >
        Expiration Date
      </label>
      <div
        className="card-expires-selection"
      >
        <select
          className="card-expires-month"
          id="cardMonth"
          onChange={[Function]}
        >
          <option
            disabled="disabled"
          >
            Month
          </option>
          <option>
            01
          </option>
          <option>
            02
          </option>
          <option>
            03
          </option>
          <option>
            04
          </option>
          <option>
            05
          </option>
          <option>
            06
          </option>
          <option>
            07
          </option>
          <option>
            08
          </option>
          <option>
            09
          </option>
          <option>
            10
          </option>
          <option>
            11
          </option>
          <option>
            12
          </option>
        </select>
        <select
          className="card-expires-year"
          id="cardYear"
          onChange={[Function]}
        >
          <option
            disabled="disabled"
          >
            Year
          </option>
          <option>
            2020
          </option>
          <option>
            2021
          </option>
          <option>
            2022
          </option>
          <option>
            2023
          </option>
          <option>
            2024
          </option>
          <option>
            2025
          </option>
          <option>
            2026
          </option>
          <option>
            2027
          </option>
          <option>
            2028
          </option>
          <option>
            2029
          </option>
        </select>
      </div>
    </div>
    <div
      className="card-cvv"
    >
      <label
        htmlFor="cardCvv"
      >
        CVV
      </label>
      <input
        className="card-holder-cvv"
        id="cardCvv"
        maxLength="3"
        onBlur={[Function]}
        onChange={[Function]}
        onFocus={[Function]}
        type="text"
      />
    </div>
  </div>
  <div
    className="form-row"
  />
</div>
`;
